SUCCESS\
Failed Checks: attempt to multiply with overflow\
Verification failed for - test::fails\
Complete - 1 successfully verified harnesses, 1 failures, 2 total.
